main.c:124:6:set_cur_to	32	static
main.c:130:6:clear_screen	8	static
main.c:134:6:animation_E	32	static
main.c:158:6:animation_C	32	static
main.c:176:6:animation_A	32	static
main.c:200:6:animation_P	32	static
main.c:224:6:animation_S	40	static
main.c:252:6:disp_start_scene	8	static
main.c:288:6:disp_map	40	static
main.c:318:6:move	16	static
main.c:394:5:moveable	16	static
main.c:406:6:zombie_generate	16	static
main.c:419:6:zombie_update	16	static
main.c:710:5:collision	32	static
main.c:723:6:player_update	16	static
main.c:727:6:score_inintial	4	static
main.c:731:6:score_update	8	static
main.c:739:6:gameOver	8	static
main.c:755:6:HAL_UART_RxCpltCallback	16	static
main.c:765:5:main	16	static
main.c:847:6:SystemClock_Config	88	static
main.c:891:13:MX_USART2_UART_Init	8	static
main.c:922:13:MX_DMA_Init	16	static
main.c:940:13:MX_GPIO_Init	48	static
main.c:976:6:Error_Handler	4	static
